2025-21-27 14 INFO  [background-preinit] o.h.validator.internal.util.Version - HV000001: Hibernate Validator 8.0.2.Final
2025-21-27 14 INFO  [restartedMain] c.b.EnotesApiServiceApplication - Starting EnotesApiServiceApplication using Java 17.0.14 with PID 1188 (D:\spring_boot_tutorial\enotes_api_service\target\classes started by USER in D:\spring_boot_tutorial\enotes_api_service)
2025-21-27 14 INFO  [restartedMain] c.b.EnotesApiServiceApplication - The following 1 profile is active: "dev"
2025-21-27 14 INFO  [restartedMain] o.s.b.d.e.DevToolsPropertyDefaultsPostProcessor - Devtools property defaults active! Set 'spring.devtools.add-properties' to 'false' to disable
2025-21-27 14 INFO  [restartedMain] o.s.b.d.e.DevToolsPropertyDefaultsPostProcessor - For additional web related logging consider setting the 'logging.level.web' property to 'DEBUG'
2025-21-27 14 INFO  [restartedMain] o.s.d.r.c.RepositoryConfigurationDelegate - Bootstrapping Spring Data JPA repositories in DEFAULT mode.
2025-21-27 14 INFO  [restartedMain] o.s.d.r.c.RepositoryConfigurationDelegate - Finished Spring Data repository scanning in 136 ms. Found 7 JPA repository interfaces.
2025-21-27 14 INFO  [restartedMain] o.s.b.w.e.tomcat.TomcatWebServer - Tomcat initialized with port 8080 (http)
2025-21-27 14 INFO  [restartedMain] o.a.coyote.http11.Http11NioProtocol - Initializing ProtocolHandler ["http-nio-8080"]
2025-21-27 14 INFO  [restartedMain] o.a.catalina.core.StandardService - Starting service [Tomcat]
2025-21-27 14 INFO  [restartedMain] o.a.catalina.core.StandardEngine - Starting Servlet engine: [Apache Tomcat/10.1.40]
2025-21-27 14 INFO  [restartedMain] o.a.c.c.C.[Tomcat].[localhost].[/] - Initializing Spring embedded WebApplicationContext
2025-21-27 14 INFO  [restartedMain] o.s.b.w.s.c.ServletWebServerApplicationContext - Root WebApplicationContext: initialization completed in 7877 ms
2025-21-28 14 INFO  [restartedMain] o.h.jpa.internal.util.LogHelper - HHH000204: Processing PersistenceUnitInfo [name: default]
2025-21-28 14 INFO  [restartedMain] org.hibernate.Version - HHH000412: Hibernate ORM core version 6.6.13.Final
2025-21-28 14 INFO  [restartedMain] o.h.c.i.RegionFactoryInitiator - HHH000026: Second-level cache disabled
2025-21-28 14 INFO  [restartedMain] o.s.o.j.p.SpringPersistenceUnitInfo - No LoadTimeWeaver setup: ignoring JPA class transformer
2025-21-28 14 INFO  [restartedMain] com.zaxxer.hikari.HikariDataSource - HikariPool-1 - Starting...
2025-21-28 14 INFO  [restartedMain] com.zaxxer.hikari.pool.HikariPool - HikariPool-1 - Added connection com.mysql.cj.jdbc.ConnectionImpl@17dc0b3f
2025-21-28 14 INFO  [restartedMain] com.zaxxer.hikari.HikariDataSource - HikariPool-1 - Start completed.
2025-21-28 14 WARN  [restartedMain] org.hibernate.orm.deprecation - HHH90000025: MySQL8Dialect does not need to be specified explicitly using 'hibernate.dialect' (remove the property setting and it will be selected by default)
2025-21-28 14 WARN  [restartedMain] org.hibernate.orm.deprecation - HHH90000026: MySQL8Dialect has been deprecated; use org.hibernate.dialect.MySQLDialect instead
2025-21-28 14 INFO  [restartedMain] o.hibernate.orm.connections.pooling - HHH10001005: Database info:
	Database JDBC URL [Connecting through datasource 'HikariDataSource (HikariPool-1)']
	Database driver: undefined/unknown
	Database version: 8.0
	Autocommit mode: undefined/unknown
	Isolation level: undefined/unknown
	Minimum pool size: undefined/unknown
	Maximum pool size: undefined/unknown
2025-21-28 14 INFO  [restartedMain] o.h.e.t.j.p.i.JtaPlatformInitiator - HHH000489: No JTA platform available (set 'hibernate.transaction.jta.platform' to enable JTA platform integration)
2025-21-28 14 INFO  [restartedMain] o.s.o.j.LocalContainerEntityManagerFactoryBean - Initialized JPA EntityManagerFactory for persistence unit 'default'
2025-21-28 14 INFO  [restartedMain] o.s.s.c.a.a.c.InitializeAuthenticationProviderBeanManagerConfigurer$InitializeAuthenticationProviderManagerConfigurer - Global AuthenticationManager configured with AuthenticationProvider bean with name authenticationProvider
2025-21-28 14 WARN  [restartedMain] o.s.s.c.a.a.c.InitializeUserDetailsBeanManagerConfigurer$InitializeUserDetailsManagerConfigurer - Global AuthenticationManager configured with an AuthenticationProvider bean. UserDetailsService beans will not be used by Spring Security for automatically configuring username/password login. Consider removing the AuthenticationProvider bean. Alternatively, consider using the UserDetailsService in a manually instantiated DaoAuthenticationProvider. If the current configuration is intentional, to turn off this warning, increase the logging level of 'org.springframework.security.config.annotation.authentication.configuration.InitializeUserDetailsBeanManagerConfigurer' to ERROR
2025-21-28 14 INFO  [restartedMain] o.s.d.j.r.query.QueryEnhancerFactory - Hibernate is in classpath; If applicable, HQL parser will be used.
2025-21-28 14 WARN  [restartedMain] o.s.b.a.o.j.JpaBaseConfiguration$JpaWebConfiguration - spring.jpa.open-in-view is enabled by default. Therefore, database queries may be performed during view rendering. Explicitly configure spring.jpa.open-in-view to disable this warning
2025-21-28 14 INFO  [restartedMain] o.s.b.a.e.web.EndpointLinksResolver - Exposing 13 endpoints beneath base path '/actuator'
2025-21-28 14 INFO  [restartedMain] o.s.b.d.a.OptionalLiveReloadServer - LiveReload server is running on port 35729
2025-21-28 14 INFO  [restartedMain] o.a.coyote.http11.Http11NioProtocol - Starting ProtocolHandler ["http-nio-8080"]
2025-21-28 14 INFO  [restartedMain] o.s.b.w.e.tomcat.TomcatWebServer - Tomcat started on port 8080 (http) with context path '/'
2025-21-28 14 INFO  [restartedMain] c.b.EnotesApiServiceApplication - Started EnotesApiServiceApplication in 31.847 seconds (process running for 34.254)
2025-21-28 14 INFO  [RMI TCP Connection(4)-127.0.0.1] o.a.c.c.C.[Tomcat].[localhost].[/] - Initializing Spring DispatcherServlet 'dispatcherServlet'
2025-21-28 14 INFO  [RMI TCP Connection(4)-127.0.0.1] o.s.web.servlet.DispatcherServlet - Initializing Servlet 'dispatcherServlet'
2025-21-28 14 INFO  [RMI TCP Connection(4)-127.0.0.1] o.s.web.servlet.DispatcherServlet - Completed initialization in 5 ms
2025-21-34 14 INFO  [http-nio-8080-exec-2] com.becoder.aspect.LoggingAspect - Calling :: AuthController :: login()
2025-21-34 14 INFO  [http-nio-8080-exec-2] com.becoder.aspect.LoggingAspect - Calling :: AuthServiceImpl :: login()
2025-21-34 14 INFO  [http-nio-8080-exec-2] com.becoder.aspect.LoggingAspect - Calling :: JwtServiceImpl :: GenerateToken()
2025-21-34 14 INFO  [http-nio-8080-exec-2] com.becoder.aspect.LoggingAspect - Execution End :: JwtServiceImpl :: GenerateToken() :: 282 ms
2025-21-34 14 INFO  [http-nio-8080-exec-2] com.becoder.aspect.LoggingAspect - Execution End :: AuthServiceImpl :: login() :: 2859 ms
2025-21-34 14 INFO  [http-nio-8080-exec-2] com.becoder.aspect.LoggingAspect - Execution End :: AuthController :: login() :: 2915 ms
2025-21-34 14 INFO  [http-nio-8080-exec-3] com.becoder.aspect.LoggingAspect - Calling :: JwtServiceImpl :: extractUsername()
2025-21-34 14 INFO  [http-nio-8080-exec-3] com.becoder.aspect.LoggingAspect - Execution End :: JwtServiceImpl :: extractUsername() :: 131 ms
2025-21-34 14 INFO  [http-nio-8080-exec-3] com.becoder.aspect.LoggingAspect - Calling :: JwtServiceImpl :: validateToken()
2025-21-34 14 INFO  [http-nio-8080-exec-3] com.becoder.aspect.LoggingAspect - Execution End :: JwtServiceImpl :: validateToken() :: 4 ms
2025-21-34 14 INFO  [http-nio-8080-exec-3] com.becoder.aspect.LoggingAspect - Calling :: CategoryController :: getActiveCategory()
2025-21-34 14 INFO  [http-nio-8080-exec-3] com.becoder.aspect.LoggingAspect - Calling :: CategoryServiceImpl :: getActiveCategory()
2025-21-34 14 INFO  [http-nio-8080-exec-3] com.becoder.aspect.LoggingAspect - Execution End :: CategoryServiceImpl :: getActiveCategory() :: 139 ms
2025-21-34 14 INFO  [http-nio-8080-exec-3] com.becoder.aspect.LoggingAspect - Execution End :: CategoryController :: getActiveCategory() :: 172 ms
2025-21-35 14 INFO  [http-nio-8080-exec-4] com.becoder.aspect.LoggingAspect - Calling :: JwtServiceImpl :: extractUsername()
2025-21-35 14 INFO  [http-nio-8080-exec-4] com.becoder.aspect.LoggingAspect - Execution End :: JwtServiceImpl :: extractUsername() :: 2 ms
2025-21-35 14 INFO  [http-nio-8080-exec-4] com.becoder.aspect.LoggingAspect - Calling :: JwtServiceImpl :: validateToken()
2025-21-35 14 INFO  [http-nio-8080-exec-4] com.becoder.aspect.LoggingAspect - Execution End :: JwtServiceImpl :: validateToken() :: 4 ms
2025-21-35 14 INFO  [http-nio-8080-exec-4] com.becoder.aspect.LoggingAspect - Calling :: CacheController :: getCache()
2025-21-35 14 INFO  [http-nio-8080-exec-4] com.becoder.aspect.LoggingAspect - Calling :: CacheManagerServiceImpl :: getCacheName()
2025-21-35 14 INFO  [http-nio-8080-exec-4] c.b.s.impl.CacheManagerServiceImpl - cache Name= org.springframework.cache.concurrent.ConcurrentMapCache@304ed842
2025-21-35 14 INFO  [http-nio-8080-exec-4] com.becoder.aspect.LoggingAspect - Execution End :: CacheManagerServiceImpl :: getCacheName() :: 1 ms
2025-21-35 14 INFO  [http-nio-8080-exec-4] com.becoder.aspect.LoggingAspect - Execution End :: CacheController :: getCache() :: 1 ms
2025-21-37 14 INFO  [http-nio-8080-exec-7] com.becoder.aspect.LoggingAspect - Calling :: JwtServiceImpl :: extractUsername()
2025-21-37 14 INFO  [http-nio-8080-exec-7] com.becoder.aspect.LoggingAspect - Execution End :: JwtServiceImpl :: extractUsername() :: 35 ms
2025-21-37 14 INFO  [http-nio-8080-exec-7] com.becoder.aspect.LoggingAspect - Calling :: JwtServiceImpl :: validateToken()
2025-21-37 14 INFO  [http-nio-8080-exec-7] com.becoder.aspect.LoggingAspect - Execution End :: JwtServiceImpl :: validateToken() :: 43 ms
2025-21-37 14 ERROR [http-nio-8080-exec-7] c.b.exception.GlobalExceptionHandler - GlobalExceptionHandler :: handleException() : Request method 'DELETE' is not supported
2025-21-37 14 WARN  [http-nio-8080-exec-7] o.s.w.s.m.m.a.ExceptionHandlerExceptionResolver - Resolved [org.springframework.web.HttpRequestMethodNotSupportedException: Request method 'DELETE' is not supported]
2025-21-42 14 INFO  [File Watcher] o.s.b.d.a.LocalDevToolsAutoConfiguration$RestartingClassPathChangeChangedEventListener - Restarting due to 1 class path change (0 additions, 0 deletions, 1 modification)
2025-21-42 14 INFO  [Thread-5] o.s.b.w.e.tomcat.GracefulShutdown - Commencing graceful shutdown. Waiting for active requests to complete
2025-21-42 14 INFO  [tomcat-shutdown] o.a.coyote.http11.Http11NioProtocol - Pausing ProtocolHandler ["http-nio-8080"]
2025-21-42 14 INFO  [tomcat-shutdown] o.s.b.w.e.tomcat.GracefulShutdown - Graceful shutdown complete
2025-21-42 14 INFO  [Thread-5] o.a.coyote.http11.Http11NioProtocol - Stopping ProtocolHandler ["http-nio-8080"]
2025-21-43 14 INFO  [Thread-5] o.s.o.j.LocalContainerEntityManagerFactoryBean - Closing JPA EntityManagerFactory for persistence unit 'default'
2025-21-43 14 INFO  [Thread-5] com.zaxxer.hikari.HikariDataSource - HikariPool-1 - Shutdown initiated...
2025-21-43 14 INFO  [Thread-5] com.zaxxer.hikari.HikariDataSource - HikariPool-1 - Shutdown completed.
2025-21-43 14 INFO  [restartedMain] c.b.EnotesApiServiceApplication - Starting EnotesApiServiceApplication using Java 17.0.14 with PID 1188 (D:\spring_boot_tutorial\enotes_api_service\target\classes started by USER in D:\spring_boot_tutorial\enotes_api_service)
2025-21-43 14 INFO  [restartedMain] c.b.EnotesApiServiceApplication - The following 1 profile is active: "dev"
2025-21-43 14 INFO  [restartedMain] o.s.d.r.c.RepositoryConfigurationDelegate - Bootstrapping Spring Data JPA repositories in DEFAULT mode.
2025-21-43 14 INFO  [restartedMain] o.s.d.r.c.RepositoryConfigurationDelegate - Finished Spring Data repository scanning in 97 ms. Found 7 JPA repository interfaces.
2025-21-43 14 INFO  [restartedMain] o.s.b.w.e.tomcat.TomcatWebServer - Tomcat initialized with port 8080 (http)
2025-21-43 14 INFO  [restartedMain] o.a.coyote.http11.Http11NioProtocol - Initializing ProtocolHandler ["http-nio-8080"]
2025-21-43 14 INFO  [restartedMain] o.a.catalina.core.StandardService - Starting service [Tomcat]
2025-21-43 14 INFO  [restartedMain] o.a.catalina.core.StandardEngine - Starting Servlet engine: [Apache Tomcat/10.1.40]
2025-21-43 14 INFO  [restartedMain] o.a.c.c.C.[Tomcat].[localhost].[/] - Initializing Spring embedded WebApplicationContext
2025-21-43 14 INFO  [restartedMain] o.s.b.w.s.c.ServletWebServerApplicationContext - Root WebApplicationContext: initialization completed in 2825 ms
2025-21-43 14 INFO  [restartedMain] o.h.jpa.internal.util.LogHelper - HHH000204: Processing PersistenceUnitInfo [name: default]
2025-21-43 14 INFO  [restartedMain] o.h.c.i.RegionFactoryInitiator - HHH000026: Second-level cache disabled
2025-21-43 14 INFO  [restartedMain] o.s.o.j.p.SpringPersistenceUnitInfo - No LoadTimeWeaver setup: ignoring JPA class transformer
2025-21-43 14 INFO  [restartedMain] com.zaxxer.hikari.HikariDataSource - HikariPool-2 - Starting...
2025-21-43 14 INFO  [restartedMain] com.zaxxer.hikari.pool.HikariPool - HikariPool-2 - Added connection com.mysql.cj.jdbc.ConnectionImpl@3b149aca
2025-21-43 14 INFO  [restartedMain] com.zaxxer.hikari.HikariDataSource - HikariPool-2 - Start completed.
2025-21-43 14 WARN  [restartedMain] org.hibernate.orm.deprecation - HHH90000025: MySQL8Dialect does not need to be specified explicitly using 'hibernate.dialect' (remove the property setting and it will be selected by default)
2025-21-43 14 WARN  [restartedMain] org.hibernate.orm.deprecation - HHH90000026: MySQL8Dialect has been deprecated; use org.hibernate.dialect.MySQLDialect instead
2025-21-43 14 INFO  [restartedMain] o.hibernate.orm.connections.pooling - HHH10001005: Database info:
	Database JDBC URL [Connecting through datasource 'HikariDataSource (HikariPool-2)']
	Database driver: undefined/unknown
	Database version: 8.0
	Autocommit mode: undefined/unknown
	Isolation level: undefined/unknown
	Minimum pool size: undefined/unknown
	Maximum pool size: undefined/unknown
2025-21-43 14 INFO  [restartedMain] o.h.e.t.j.p.i.JtaPlatformInitiator - HHH000489: No JTA platform available (set 'hibernate.transaction.jta.platform' to enable JTA platform integration)
2025-21-43 14 INFO  [restartedMain] o.s.o.j.LocalContainerEntityManagerFactoryBean - Initialized JPA EntityManagerFactory for persistence unit 'default'
2025-21-43 14 INFO  [restartedMain] o.s.s.c.a.a.c.InitializeAuthenticationProviderBeanManagerConfigurer$InitializeAuthenticationProviderManagerConfigurer - Global AuthenticationManager configured with AuthenticationProvider bean with name authenticationProvider
2025-21-43 14 WARN  [restartedMain] o.s.s.c.a.a.c.InitializeUserDetailsBeanManagerConfigurer$InitializeUserDetailsManagerConfigurer - Global AuthenticationManager configured with an AuthenticationProvider bean. UserDetailsService beans will not be used by Spring Security for automatically configuring username/password login. Consider removing the AuthenticationProvider bean. Alternatively, consider using the UserDetailsService in a manually instantiated DaoAuthenticationProvider. If the current configuration is intentional, to turn off this warning, increase the logging level of 'org.springframework.security.config.annotation.authentication.configuration.InitializeUserDetailsBeanManagerConfigurer' to ERROR
2025-21-43 14 WARN  [restartedMain] o.s.b.a.o.j.JpaBaseConfiguration$JpaWebConfiguration - spring.jpa.open-in-view is enabled by default. Therefore, database queries may be performed during view rendering. Explicitly configure spring.jpa.open-in-view to disable this warning
2025-21-43 14 INFO  [restartedMain] o.s.b.a.e.web.EndpointLinksResolver - Exposing 13 endpoints beneath base path '/actuator'
2025-21-43 14 INFO  [restartedMain] o.s.b.d.a.OptionalLiveReloadServer - LiveReload server is running on port 35729
2025-21-43 14 INFO  [restartedMain] o.a.coyote.http11.Http11NioProtocol - Starting ProtocolHandler ["http-nio-8080"]
2025-21-43 14 INFO  [restartedMain] o.s.b.w.e.tomcat.TomcatWebServer - Tomcat started on port 8080 (http) with context path '/'
2025-21-43 14 INFO  [restartedMain] c.b.EnotesApiServiceApplication - Started EnotesApiServiceApplication in 9.927 seconds (process running for 929.782)
2025-21-43 14 INFO  [restartedMain] o.s.b.d.a.ConditionEvaluationDeltaLoggingListener - Condition evaluation unchanged
2025-21-43 14 INFO  [File Watcher] o.s.b.d.a.LocalDevToolsAutoConfiguration$RestartingClassPathChangeChangedEventListener - Restarting due to 3 class path changes (0 additions, 0 deletions, 3 modifications)
2025-21-43 14 INFO  [Thread-7] o.s.b.w.e.tomcat.GracefulShutdown - Commencing graceful shutdown. Waiting for active requests to complete
2025-21-43 14 INFO  [tomcat-shutdown] o.a.coyote.http11.Http11NioProtocol - Pausing ProtocolHandler ["http-nio-8080"]
2025-21-43 14 INFO  [tomcat-shutdown] o.s.b.w.e.tomcat.GracefulShutdown - Graceful shutdown complete
2025-21-43 14 INFO  [Thread-7] o.a.coyote.http11.Http11NioProtocol - Stopping ProtocolHandler ["http-nio-8080"]
2025-21-43 14 INFO  [Thread-7] o.s.o.j.LocalContainerEntityManagerFactoryBean - Closing JPA EntityManagerFactory for persistence unit 'default'
2025-21-43 14 INFO  [Thread-7] com.zaxxer.hikari.HikariDataSource - HikariPool-2 - Shutdown initiated...
2025-21-43 14 INFO  [Thread-7] com.zaxxer.hikari.HikariDataSource - HikariPool-2 - Shutdown completed.
2025-21-43 14 INFO  [restartedMain] c.b.EnotesApiServiceApplication - Starting EnotesApiServiceApplication using Java 17.0.14 with PID 1188 (D:\spring_boot_tutorial\enotes_api_service\target\classes started by USER in D:\spring_boot_tutorial\enotes_api_service)
2025-21-43 14 INFO  [restartedMain] c.b.EnotesApiServiceApplication - The following 1 profile is active: "dev"
2025-21-43 14 INFO  [restartedMain] o.s.d.r.c.RepositoryConfigurationDelegate - Bootstrapping Spring Data JPA repositories in DEFAULT mode.
2025-21-43 14 INFO  [restartedMain] o.s.d.r.c.RepositoryConfigurationDelegate - Finished Spring Data repository scanning in 53 ms. Found 7 JPA repository interfaces.
2025-21-43 14 INFO  [restartedMain] o.s.b.w.e.tomcat.TomcatWebServer - Tomcat initialized with port 8080 (http)
2025-21-43 14 INFO  [restartedMain] o.a.coyote.http11.Http11NioProtocol - Initializing ProtocolHandler ["http-nio-8080"]
2025-21-43 14 INFO  [restartedMain] o.a.catalina.core.StandardService - Starting service [Tomcat]
2025-21-43 14 INFO  [restartedMain] o.a.catalina.core.StandardEngine - Starting Servlet engine: [Apache Tomcat/10.1.40]
2025-21-43 14 INFO  [restartedMain] o.a.c.c.C.[Tomcat].[localhost].[/] - Initializing Spring embedded WebApplicationContext
2025-21-43 14 INFO  [restartedMain] o.s.b.w.s.c.ServletWebServerApplicationContext - Root WebApplicationContext: initialization completed in 1159 ms
2025-21-43 14 INFO  [restartedMain] o.h.jpa.internal.util.LogHelper - HHH000204: Processing PersistenceUnitInfo [name: default]
2025-21-43 14 INFO  [restartedMain] o.h.c.i.RegionFactoryInitiator - HHH000026: Second-level cache disabled
2025-21-43 14 INFO  [restartedMain] o.s.o.j.p.SpringPersistenceUnitInfo - No LoadTimeWeaver setup: ignoring JPA class transformer
2025-21-43 14 INFO  [restartedMain] com.zaxxer.hikari.HikariDataSource - HikariPool-3 - Starting...
2025-21-43 14 INFO  [restartedMain] com.zaxxer.hikari.pool.HikariPool - HikariPool-3 - Added connection com.mysql.cj.jdbc.ConnectionImpl@2008b00c
2025-21-43 14 INFO  [restartedMain] com.zaxxer.hikari.HikariDataSource - HikariPool-3 - Start completed.
2025-21-43 14 WARN  [restartedMain] org.hibernate.orm.deprecation - HHH90000025: MySQL8Dialect does not need to be specified explicitly using 'hibernate.dialect' (remove the property setting and it will be selected by default)
2025-21-43 14 WARN  [restartedMain] org.hibernate.orm.deprecation - HHH90000026: MySQL8Dialect has been deprecated; use org.hibernate.dialect.MySQLDialect instead
2025-21-43 14 INFO  [restartedMain] o.hibernate.orm.connections.pooling - HHH10001005: Database info:
	Database JDBC URL [Connecting through datasource 'HikariDataSource (HikariPool-3)']
	Database driver: undefined/unknown
	Database version: 8.0
	Autocommit mode: undefined/unknown
	Isolation level: undefined/unknown
	Minimum pool size: undefined/unknown
	Maximum pool size: undefined/unknown
2025-21-43 14 INFO  [restartedMain] o.h.e.t.j.p.i.JtaPlatformInitiator - HHH000489: No JTA platform available (set 'hibernate.transaction.jta.platform' to enable JTA platform integration)
2025-21-43 14 INFO  [restartedMain] o.s.o.j.LocalContainerEntityManagerFactoryBean - Initialized JPA EntityManagerFactory for persistence unit 'default'
2025-21-43 14 INFO  [restartedMain] o.s.s.c.a.a.c.InitializeAuthenticationProviderBeanManagerConfigurer$InitializeAuthenticationProviderManagerConfigurer - Global AuthenticationManager configured with AuthenticationProvider bean with name authenticationProvider
2025-21-43 14 WARN  [restartedMain] o.s.s.c.a.a.c.InitializeUserDetailsBeanManagerConfigurer$InitializeUserDetailsManagerConfigurer - Global AuthenticationManager configured with an AuthenticationProvider bean. UserDetailsService beans will not be used by Spring Security for automatically configuring username/password login. Consider removing the AuthenticationProvider bean. Alternatively, consider using the UserDetailsService in a manually instantiated DaoAuthenticationProvider. If the current configuration is intentional, to turn off this warning, increase the logging level of 'org.springframework.security.config.annotation.authentication.configuration.InitializeUserDetailsBeanManagerConfigurer' to ERROR
2025-21-43 14 WARN  [restartedMain] o.s.b.a.o.j.JpaBaseConfiguration$JpaWebConfiguration - spring.jpa.open-in-view is enabled by default. Therefore, database queries may be performed during view rendering. Explicitly configure spring.jpa.open-in-view to disable this warning
2025-21-43 14 INFO  [restartedMain] o.s.b.a.e.web.EndpointLinksResolver - Exposing 13 endpoints beneath base path '/actuator'
2025-21-43 14 INFO  [restartedMain] o.s.b.d.a.OptionalLiveReloadServer - LiveReload server is running on port 35729
2025-21-43 14 INFO  [restartedMain] o.a.coyote.http11.Http11NioProtocol - Starting ProtocolHandler ["http-nio-8080"]
2025-21-43 14 INFO  [restartedMain] o.s.b.w.e.tomcat.TomcatWebServer - Tomcat started on port 8080 (http) with context path '/'
2025-21-43 14 INFO  [restartedMain] c.b.EnotesApiServiceApplication - Started EnotesApiServiceApplication in 5.328 seconds (process running for 937.967)
2025-21-43 14 INFO  [restartedMain] o.s.b.d.a.ConditionEvaluationDeltaLoggingListener - Condition evaluation unchanged
2025-21-43 14 INFO  [http-nio-8080-exec-2] o.a.c.c.C.[Tomcat].[localhost].[/] - Initializing Spring DispatcherServlet 'dispatcherServlet'
2025-21-43 14 INFO  [http-nio-8080-exec-2] o.s.web.servlet.DispatcherServlet - Initializing Servlet 'dispatcherServlet'
2025-21-43 14 INFO  [http-nio-8080-exec-2] o.s.web.servlet.DispatcherServlet - Completed initialization in 6 ms
2025-21-43 14 INFO  [http-nio-8080-exec-2] com.becoder.aspect.LoggingAspect - Calling :: JwtServiceImpl :: extractUsername()
2025-21-44 14 INFO  [http-nio-8080-exec-3] com.becoder.aspect.LoggingAspect - Calling :: AuthController :: login()
2025-21-44 14 INFO  [http-nio-8080-exec-3] com.becoder.aspect.LoggingAspect - Calling :: AuthServiceImpl :: login()
2025-21-44 14 INFO  [http-nio-8080-exec-3] com.becoder.aspect.LoggingAspect - Calling :: JwtServiceImpl :: GenerateToken()
2025-21-44 14 INFO  [http-nio-8080-exec-3] com.becoder.aspect.LoggingAspect - Execution End :: JwtServiceImpl :: GenerateToken() :: 11 ms
2025-21-44 14 INFO  [http-nio-8080-exec-3] com.becoder.aspect.LoggingAspect - Execution End :: AuthServiceImpl :: login() :: 583 ms
2025-21-44 14 INFO  [http-nio-8080-exec-3] com.becoder.aspect.LoggingAspect - Execution End :: AuthController :: login() :: 594 ms
2025-21-44 14 INFO  [http-nio-8080-exec-4] com.becoder.aspect.LoggingAspect - Calling :: JwtServiceImpl :: extractUsername()
2025-21-44 14 INFO  [http-nio-8080-exec-4] com.becoder.aspect.LoggingAspect - Execution End :: JwtServiceImpl :: extractUsername() :: 4 ms
2025-21-44 14 INFO  [http-nio-8080-exec-4] com.becoder.aspect.LoggingAspect - Calling :: JwtServiceImpl :: validateToken()
2025-21-44 14 INFO  [http-nio-8080-exec-4] com.becoder.aspect.LoggingAspect - Execution End :: JwtServiceImpl :: validateToken() :: 1 ms
2025-21-44 14 INFO  [http-nio-8080-exec-4] com.becoder.aspect.LoggingAspect - Calling :: CacheController :: removeAllCache()
2025-21-44 14 INFO  [http-nio-8080-exec-4] com.becoder.aspect.LoggingAspect - Calling :: CacheManagerServiceImpl :: removeAllCache()
2025-21-44 14 INFO  [http-nio-8080-exec-4] com.becoder.aspect.LoggingAspect - Execution End :: CacheManagerServiceImpl :: removeAllCache() :: 0 ms
2025-21-44 14 INFO  [http-nio-8080-exec-4] com.becoder.aspect.LoggingAspect - Execution End :: CacheController :: removeAllCache() :: 1 ms
2025-21-45 14 INFO  [http-nio-8080-exec-5] com.becoder.aspect.LoggingAspect - Calling :: JwtServiceImpl :: extractUsername()
2025-21-45 14 INFO  [http-nio-8080-exec-5] com.becoder.aspect.LoggingAspect - Execution End :: JwtServiceImpl :: extractUsername() :: 6 ms
2025-21-45 14 INFO  [http-nio-8080-exec-5] com.becoder.aspect.LoggingAspect - Calling :: JwtServiceImpl :: validateToken()
2025-21-45 14 INFO  [http-nio-8080-exec-5] com.becoder.aspect.LoggingAspect - Execution End :: JwtServiceImpl :: validateToken() :: 3 ms
2025-21-45 14 INFO  [http-nio-8080-exec-5] com.becoder.aspect.LoggingAspect - Calling :: CacheController :: getCache()
2025-21-45 14 INFO  [http-nio-8080-exec-5] com.becoder.aspect.LoggingAspect - Calling :: CacheManagerServiceImpl :: getCacheName()
2025-21-45 14 INFO  [http-nio-8080-exec-5] c.b.s.impl.CacheManagerServiceImpl - cache Name= org.springframework.cache.concurrent.ConcurrentMapCache@7bbfbc17
2025-21-45 14 INFO  [http-nio-8080-exec-5] com.becoder.aspect.LoggingAspect - Execution End :: CacheManagerServiceImpl :: getCacheName() :: 1 ms
2025-21-45 14 INFO  [http-nio-8080-exec-5] com.becoder.aspect.LoggingAspect - Execution End :: CacheController :: getCache() :: 1 ms
2025-21-46 14 INFO  [http-nio-8080-exec-8] com.becoder.aspect.LoggingAspect - Calling :: JwtServiceImpl :: extractUsername()
2025-21-46 14 INFO  [http-nio-8080-exec-8] com.becoder.aspect.LoggingAspect - Execution End :: JwtServiceImpl :: extractUsername() :: 1 ms
2025-21-46 14 INFO  [http-nio-8080-exec-8] com.becoder.aspect.LoggingAspect - Calling :: JwtServiceImpl :: validateToken()
2025-21-46 14 INFO  [http-nio-8080-exec-8] com.becoder.aspect.LoggingAspect - Execution End :: JwtServiceImpl :: validateToken() :: 1 ms
2025-21-46 14 ERROR [http-nio-8080-exec-8] c.b.exception.GlobalExceptionHandler - GlobalExceptionHandler : handleAccessDeniedException() : Access Denied
2025-21-46 14 WARN  [http-nio-8080-exec-8] o.s.w.s.m.m.a.ExceptionHandlerExceptionResolver - Resolved [org.springframework.security.authorization.AuthorizationDeniedException: Access Denied]
2025-21-59 14 INFO  [http-nio-8080-exec-10] com.becoder.aspect.LoggingAspect - Calling :: AuthController :: login()
2025-21-59 14 INFO  [http-nio-8080-exec-10] com.becoder.aspect.LoggingAspect - Calling :: AuthServiceImpl :: login()
2025-21-59 14 INFO  [http-nio-8080-exec-10] com.becoder.aspect.LoggingAspect - Calling :: JwtServiceImpl :: GenerateToken()
2025-21-59 14 INFO  [http-nio-8080-exec-10] com.becoder.aspect.LoggingAspect - Execution End :: JwtServiceImpl :: GenerateToken() :: 56 ms
2025-21-59 14 INFO  [http-nio-8080-exec-10] com.becoder.aspect.LoggingAspect - Execution End :: AuthServiceImpl :: login() :: 1811 ms
2025-21-59 14 INFO  [http-nio-8080-exec-10] com.becoder.aspect.LoggingAspect - Execution End :: AuthController :: login() :: 1823 ms
